// Vitest Snapshot v1, https://vitest.dev/guide/snapshot.html

exports[`Renders BookingDetailsView component 1`] = `
<div
  data-v-app=""
>
  
  <!--v-if-->
  <!--v-if-->
  
</div>
`;
